oks_gol_misc\data\images\sg.png
oks_gol_misc\data\textures\barrelboxbeltfeed_as.png
oks_gol_misc\data\textures\barrelboxbeltfeed_smdi.png
oks_gol_misc\data\textures\beltandhousing_as.png
oks_gol_misc\data\textures\beltandhousing_co.png
oks_gol_misc\data\textures\beltandhousing_gloss.png
oks_gol_misc\data\textures\beltandhousing_nohq.png
oks_gol_misc\data\textures\beltandhousing_roughness.png
oks_gol_misc\data\textures\beltandhousing_smdi.png
oks_gol_misc\data\textures\bumper_as.png
oks_gol_misc\data\textures\bumper_co.png
oks_gol_misc\data\textures\bumper_gloss.png
oks_gol_misc\data\textures\bumper_nohq.png
oks_gol_misc\data\textures\bumper_roughness.png
oks_gol_misc\data\textures\bumper_smdi.png
oks_gol_misc\data\textures\frameandheatguard_as.png
oks_gol_misc\data\textures\frameandheatguard_co.png
oks_gol_misc\data\textures\frameandheatguard_gloss.png
oks_gol_misc\data\textures\frameandheatguard_nohq.png
oks_gol_misc\data\textures\frameandheatguard_roughness.png
oks_gol_misc\data\textures\frameandheatguard_smdi.png
